Enter Username: 
Enter Username For New User: 
Error: User With That Name Already Exists
Enter Username For New User: 