Enter user name: 
Daily Transaction file: (display DTF)
Logged out.