Enter Username: 
Enter Username For New User: 
Error: Invalid Name
Enter Username For New User: 