Enter Username: 
Enter Username For New User: 
Enter Type For New User: 