Enter user name: 
Current user file: (display CUA) 
logged out.