Enter user name:
Current user file: (display CUA)
Logged out.
