Enter user name:
Current User file: (diplsay CUA)
logged out
