Enter Username: 
Enter Username Of User To Delete: