Error: Not logged in
Error: Not logged in
Error: Not logged in
Error: Not logged in
Error: Not logged in
Error: Not logged in
Error: Not logged in
Enter Username: 