Enter Username: 
Error: Privileged transactions are restricted to admins only
Error: Privileged transactions are restricted to admins only
Error: Privileged transactions are restricted to admins only