Enter Username:
Logged Out
Error: Not logged in
Error: Not logged in
Error: Not logged in
Error: Not logged in
Error: Not logged in
Error: Not logged in
Error: Not logged in
Enter Username: 
Logged Out
