Enter Username: 
Enter Item Name: 
Enter Seller Username: 
Current Highest Bid Is: 012.34
Enter New Bid: 

Enter Username: 
Enter Item Name: 
Enter Seller Username: 
Current Highest Bid Is: 134.00
Enter New Bid: 

Enter Username: 
Enter Item Name: 
Enter Seller Username: 
Current Highest Bid Is: 100.00
Enter New Bid: 

Enter Username: 
Error: You Do Not Have Privileges To Perform This Transaction