Enter Username: 
Enter Item Name: 
Enter Seller Username: 
Current Highest Bid Is: 100.00
Enter Bid: