itemname____________sellername______currentbidder__010_010.00
