Enter Username: 
Enter a user name to delete the account of: 
User: userBS, has been deleted.
