Enter user name: 
Enter username to be deleted: 
User: userBS has been deleted.

Enter user name: 
You do not have permissions to perform this transaction.

Enter user name: 
You do not have permissions to perform this transaction.

Enter user name: 
You do not have permissions to perform this transaction.
