Enter user name: 
Enter user name to be deleted: 
Cannot delete your own account.
