Enter user name: 
Enter user name to be deleted: 
Cannot delete, user does not exist.
