Enter user name: 
Enter a user to delete the account of: 

