Please log in to the system:
Please enter your username:
Enter command:
ERROR: Lines in DTF is not 62 characters (plus newline) on Lines:1,3
Daily Transaction File of 2020/01/26
Tesla_Model_3_______kevin_woo076____john123smith__100_900.99
Golden_Necklace_____ken_adams56_____kevin_woo076___043_089.00
Vintage_Vase______john123smith____kevin_woo076__012_257.38
Red_Faux_Handbag____kevin_woo076____ken_adams56____002_009.99
END__________________________________________________________
Enter command:
Logout Successful, Goodbye!