Enter Username:
Enter User Name To Add Credit To:
Cannot add credit to user than does not exist.