Enter Username: 
Enter Amount To Add To Account: 
