<<<<<<< HEAD
Enter user name: 
Enter amount of credit to add to your account: 
Cannot add more than $1000.00 to your account at one time.
Logged out.
=======
Enter Username: 
Enter Amount To Add To Account: 
Error: Maximum Amount To Add Is 1000.00
Enter Amount To Add To Account: 
>>>>>>> 9c2a426d2fb208ea0ac3da5fb156edc1d3a04f44
