Enter user name: 
Enter amount of money to add to your account: 