Please log in to the system: 
Please enter your username: 
Enter command: 
Enter Item Name: 
Enter buyer username: 
Error: Invaild Username