Please log in to the system: 
Please enter your username: 
Enter command: 
Enter Item Name: 
Enter buyer username: 
Enter seller username: 
Enter amount of credit: 
Error: Minimum Refund Cannot Be Negative