Enter Username: 
Enter Item Name: 
Enter Minimum Bid: 
Error: Invalid Input
Enter Minimum Bid: 