Enter Username: 
Enter Item Name: 
Error: Invalid Name
Enter Item Name: 