Enter Username: 
Enter Item Name: 
Error: Invalide Name 
