Enter Username: 
Enter Item Name: 
Enter Minimum Bid: 
Enter Number Of Days Until Auction Ends: 