Enter Username: 
Enter Item Name: 
Enter Minimum Bid: 
Enter Number Of Days until Auction Ends: 
